Script started on 2025-07-12 21:03:20-03:00 [COMMAND="bash /tmp/sesion_organica_ana.sh" TERM="xterm-256color" TTY="/dev/pts/6" COLUMNS="103" LINES="16"]
ana_duarte@ubuntu:~$ whoami
ana_duarte

ana_duarte@ubuntu:~$ pwd
/mnt/z/ISO/ubuntu

ana_duarte@ubuntu:~$ ls -la
total 6208520
drwxrwxrwx 1 root root       4096 Jul 12 21:03 .
drwxrwxrwx 1 root root       4096 Jul 12 19:22 ..
-rwxrwxrwx 1 root root       8514 Jul 12 20:18 50_comandos_completos.sh
-rwxrwxrwx 1 root root       8855 Jul 12 20:21 50_comandos_organicos.sh
-rwxrwxrwx 1 root root      18431 Jul  7 21:06 LICENSE
-rwxrwxrwx 1 root root       7947 Jul  7 21:06 README.txt
-rwxrwxrwx 1 root root       6465 Jul 12 21:01 README_AUTOMATIZACION_ANA_DUARTE.md
-rwxrwxrwx 1 root root       1926 Jul 12 20:59 ana_duarte.log
-rwxrwxrwx 1 root root       9269 Jul 12 20:53 automate_ana_duarte_setup.sh
-rwxrwxrwx 1 root root      13082 Jul 12 21:00 automatizacion_completa_ana_duarte.sh
drwxrwxrwx 1 root root       4096 Jul 12 19:58 challenges
-rwxrwxrwx 1 root root   13842087 Jul  7 21:06 challenges.tar.gz
-rwxrwxrwx 1 root root       4761 Jul 12 20:56 completar_ana_duarte.sh
-rwxrwxrwx 1 root root       4155 Jul 12 20:14 desafios_completos.sh
-rwxrwxrwx 1 root root        550 Jul 12 21:00 ejecutar_automatizacion_ana_duarte.sh
-rwxrwxrwx 1 root root       2885 Jul 12 20:04 ejecutar_desafios.sh
-rwxrwxrwx 1 root root       3468 Jul 12 20:58 finalizar_ana_duarte.sh
-rwxrwxrwx 1 root root       3185 Jul 12 21:02 generar_logs_organicos_ana_duarte.sh
-rwxrwxrwx 1 root root       3544 Jul 12 21:03 generar_logs_organicos_ana_duarte_fixed.sh
-rwxrwxrwx 1 root root       2045 Jul 12 20:23 limpiar_directorio.sh
-rwxrwxrwx 1 root root       3457 Jul 12 20:04 practica_comandos.sh
-rwxrwxrwx 1 root root       4666 Jul 12 20:14 practica_final.sh
-rwxrwxrwx 1 root root       2216 Jul 12 20:22 practica_final_organica.sh
-rwxrwxrwx 1 root root       1895 Jul 12 20:13 practica_ubuntu.sh
-rwxrwxrwx 1 root root       6764 Jul 12 20:20 resumen_50_comandos.md
-rwxrwxrwx 1 root root       3615 Jul 12 20:15 resumen_final.md
-rwxrwxrwx 1 root root     150415 Jul 12 20:28 steven.log
-rwxrwxrwx 1 root root     139648 Jul 12 20:31 steven_gracia.log
-rwxrwxrwx 1 root root          0 Jul 12 19:52 stevenayala.log
-rwxrwxrwx 1 root root 6343219200 Jul 12 19:17 ubuntu-24.04.2-desktop-amd64.iso
-rwxrwxrwx 1 root root        503 Jul 12 20:26 unificar_logs.sh

ana_duarte@ubuntu:~$ date
Sat Jul 12 21:03:21 -03 2025

ana_duarte@ubuntu:~$ uname -a
Linux stev 5.15.167.4-microsoft-standard-WSL2 #1 SMP Tue Nov 5 00:21:55 UTC 2024 x86_64 x86_64 x86_64 GNU/Linux

ana_duarte@ubuntu:~$ df -h
Filesystem      Size  Used Avail Use% Mounted on
none            3.9G     0  3.9G   0% /usr/lib/modules/5.15.167.4-microsoft-standard-WSL2
none            3.9G  4.0K  3.9G   1% /mnt/wsl
drivers         237G  217G   20G  92% /usr/lib/wsl/drivers
/dev/sdc       1007G  2.2G  954G   1% /
none            3.9G   72K  3.9G   1% /mnt/wslg
none            3.9G     0  3.9G   0% /usr/lib/wsl/lib
rootfs          3.9G  2.4M  3.9G   1% /init
none            3.9G  496K  3.9G   1% /run
none            3.9G     0  3.9G   0% /run/lock
none            3.9G     0  3.9G   0% /run/shm
tmpfs           4.0M     0  4.0M   0% /sys/fs/cgroup
none            3.9G   76K  3.9G   1% /mnt/wslg/versions.txt
none            3.9G   76K  3.9G   1% /mnt/wslg/doc
C:\             237G  217G   20G  92% /mnt/c
Z:\             1.0T  791G  234G  78% /mnt/z
tmpfs           784M   16K  784M   1% /run/user/1000

ana_duarte@ubuntu:~$ free -h
               total        used        free      shared  buff/cache   available
Mem:           7.7Gi       656Mi       5.6Gi       3.0Mi       1.7Gi       7.0Gi
Swap:          2.0Gi          0B       2.0Gi

ana_duarte@ubuntu:~$ ps aux | head -10
USER         PID %CPU %MEM    VSZ   RSS TTY      STAT START   TIME COMMAND
root           1  0.0  0.1  22012 13452 ?        Ss   19:24   0:05 /usr/lib/systemd/systemd --system --deserialize=46
root           2  0.0  0.0   2776  1928 ?        Sl   19:24   0:00 /init
root           7  0.0  0.0   2792    68 ?        Sl   19:24   0:00 plan9 --control-socket 7 --log-level 4 --server-fd 8 --pipe-fd 10 --log-truncate
root         171  0.0  0.0   4236  2716 ?        Ss   19:24   0:00 /usr/sbin/cron -f -P
message+     172  0.0  0.0   9904  5536 ?        Ss   19:24   0:00 @dbus-daemon --system --address=systemd: --nofork --nopidfile --systemd-activation --syslog-only
root         179  0.0  0.1  17976  8528 ?        Ss   19:24   0:00 /usr/lib/systemd/systemd-logind
root         182  0.0  0.2 1756096 16144 ?       Ssl  19:24   0:01 /usr/libexec/wsl-pro-service -vv
root         197  0.0  0.0   3160  1104 hvc0     Ss+  19:24   0:00 /sbin/agetty -o -p -- \u --noclear --keep-baud - 115200,38400,9600 vt220
root         207  0.0  0.0   3116  1104 tty1     Ss+  19:24   0:00 /sbin/agetty -o -p -- \u --noclear - linux

ana_duarte@ubuntu:~$ cd /home/ana_duarte

ana_duarte@ubuntu:~$ ls -la
total 44
drwxr-xr-x 6 ana_duarte ana_duarte 4096 Jul 12 20:59 .
drwxr-xr-x 4 root       root       4096 Jul 12 20:54 ..
-rw-r--r-- 1 ana_duarte ana_duarte  220 Mar 31  2024 .bash_logout
-rw-r--r-- 1 ana_duarte ana_duarte  863 Jul 12 20:58 .bashrc
-rw-r--r-- 1 ana_duarte ana_duarte  240 Jul 12 20:54 .profile
-rw-rw-r-- 1 ana_duarte ana_duarte  759 Jul 12 20:59 INFO_ANA_DUARTE.txt
drwxr-xr-x 2 ana_duarte ana_duarte 4096 Jul 12 20:58 documents
drwxr-xr-x 2 ana_duarte ana_duarte 4096 Jul 12 21:03 logs
drwxr-xr-x 2 ana_duarte ana_duarte 4096 Jul 12 20:58 projects
-rwxrwxr-x 1 ana_duarte ana_duarte  416 Jul 12 20:59 test_ana_duarte.sh
drwxr-xr-x 2 ana_duarte ana_duarte 4096 Jul 12 20:58 workspace

ana_duarte@ubuntu:~$ cd workspace

ana_duarte@ubuntu:~$ pwd
/home/ana_duarte/workspace

ana_duarte@ubuntu:~$ ls -la
total 8
drwxr-xr-x 2 ana_duarte ana_duarte 4096 Jul 12 20:58 .
drwxr-xr-x 6 ana_duarte ana_duarte 4096 Jul 12 20:59 ..

ana_duarte@ubuntu:~$ cd ..

ana_duarte@ubuntu:~$ cd projects

ana_duarte@ubuntu:~$ ls -la
total 8
drwxr-xr-x 2 ana_duarte ana_duarte 4096 Jul 12 20:58 .
drwxr-xr-x 6 ana_duarte ana_duarte 4096 Jul 12 20:59 ..

ana_duarte@ubuntu:~$ cd ..

ana_duarte@ubuntu:~$ which python3
/usr/bin/python3

ana_duarte@ubuntu:~$ python3 --version
Python 3.12.3

ana_duarte@ubuntu:~$ which nodejs
/usr/bin/nodejs

ana_duarte@ubuntu:~$ nodejs --version
v18.19.1

ana_duarte@ubuntu:~$ which npm
/usr/bin/npm

ana_duarte@ubuntu:~$ npm --version
9.2.0

ana_duarte@ubuntu:~$ which htop
/usr/bin/htop

ana_duarte@ubuntu:~$ which iotop
/usr/sbin/iotop

ana_duarte@ubuntu:~$ which 7z
/usr/bin/7z

ana_duarte@ubuntu:~$ 7z --version


Command Line Error:
Unknown switch:
--version

ana_duarte@ubuntu:~$ which unrar
/usr/bin/unrar

ana_duarte@ubuntu:~$ unrar

UNRAR 7.00 freeware      Copyright (c) 1993-2024 Alexander Roshal

Usage:     unrar <command> -<switch 1> -<switch N> <archive> <files...>
               <@listfiles...> <path_to_extract/>

<Commands>
  e             Extract files without archived paths
  l[t[a],b]     List archive contents [technical[all], bare]
  p             Print file to stdout
  t             Test archive files
  v[t[a],b]     Verbosely list archive contents [technical[all],bare]
  x             Extract files with full path

<Switches>
  -             Stop switches scanning
  @[+]          Disable [enable] file lists
  ad[1,2]       Alternate destination path
  ag[format]    Generate archive name using the current date
  ai            Ignore file attributes
  ap<path>      Set path inside archive
  c-            Disable comments show
  cfg-          Disable read configuration
  cl            Convert names to lower case
  cu            Convert names to upper case
  dh            Open shared files
  ep            Exclude paths from names
  ep3           Expand paths to full including the drive letter
  ep4<path>     Exclude the path prefix from names
  f             Freshen files
  id[c,d,n,p,q] Display or disable messages
  ierr          Send all messages to stderr
  inul          Disable all messages
  kb            Keep broken extracted files
  me[par]       Set encryption parameters
  n<file>       Additionally filter included files
  n@            Read additional filter masks from stdin
  n@<list>      Read additional filter masks from list file
  o[+|-]        Set the overwrite mode
  ol[a,-]       Process symbolic links as the link [absolute paths, skip]
  op<path>      Set the output path for extracted files
  or            Rename files automatically
  ow            Save or restore file owner and group
  p[password]   Set password
  r             Recurse subdirectories
  sc<chr>[obj]  Specify the character set
  si[name]      Read data from standard input (stdin)
  sl<size>[u]   Process files with size less than specified
  sm<size>[u]   Process files with size more than specified
  ta[mcao]<d>   Process files modified after <d> YYYYMMDDHHMMSS date
  tb[mcao]<d>   Process files modified before <d> YYYYMMDDHHMMSS date
  tn[mcao]<t>   Process files newer than <t> time
  to[mcao]<t>   Process files older than <t> time
  ts[m,c,a,p]   Save or restore time (modification, creation, access, preserve)
  u             Update files
  v             List all volumes
  ver[n]        File version control
  vp            Pause before each volume
  x<file>       Exclude specified file
  x@            Read file names to exclude from stdin
  x@<list>      Exclude files listed in specified list file
  y             Assume Yes on all queries

ana_duarte@ubuntu:~$ cat /home/ana_duarte/INFO_ANA_DUARTE.txt
=== INFORMACIÓN DE USUARIO ANA_DUARTE ===

Usuario: ana_duarte
Contraseña: AnaDuarte2024!
Directorio home: /home/ana_duarte

COMANDOS ÚTILES:
- Para cambiar al usuario: su - ana_duarte
- Para logging automático: auto_logger
- Para ver logs: tail -f ana_duarte.log

DIRECTORIOS CREADOS:
- /home/ana_duarte/workspace/  (área de trabajo)
- /home/ana_duarte/projects/   (proyectos)
- /home/ana_duarte/documents/  (documentos)
- /home/ana_duarte/logs/       (logs de sesión)

HERRAMIENTAS INSTALADAS:
- Herramientas de desarrollo (build-essential, python3, nodejs, npm)
- Herramientas de red (net-tools, ping, traceroute, nmap)
- Herramientas de monitoreo (htop, iotop, sysstat)
- Herramientas de compresión (p7zip, unrar)

FECHA DE CONFIGURACIÓN: $(date)

ana_duarte@ubuntu:~$ history

ana_duarte@ubuntu:~$ exit

Script done on 2025-07-12 21:03:22-03:00 [COMMAND_EXIT_CODE="0"]
