Script started on 2025-07-12 21:08:54-03:00 [COMMAND="bash /tmp/sesion_50_comandos_ana.sh" TERM="xterm-256color" TTY="/dev/pts/6" COLUMNS="103" LINES="16"]
ana_duarte@ubuntu:~$ whoami
ana_duarte

ana_duarte@ubuntu:~$ pwd
/mnt/z/ISO/ubuntu

ana_duarte@ubuntu:~$ date
Sat Jul 12 21:08:54 -03 2025

ana_duarte@ubuntu:~$ uname -a
Linux stev 5.15.167.4-microsoft-standard-WSL2 #1 SMP Tue Nov 5 00:21:55 UTC 2024 x86_64 x86_64 x86_64 GNU/Linux

ana_duarte@ubuntu:~$ cd /mnt/z/ISO/ubuntu/challenges

ana_duarte@ubuntu:~$ pwd
/mnt/z/ISO/ubuntu/challenges

ana_duarte@ubuntu:~$ ls -la
total 0
drwxrwxrwx 1 root root 4096 Jul 12 19:58 .
drwxrwxrwx 1 root root 4096 Jul 12 21:08 ..
-rwxrwxrwx 1 root root   22 Jul 12 19:43 2_hellos.txt
drwxrwxrwx 1 root root 4096 Jul 12 19:46 bunch_of_files
-rwxrwxrwx 1 root root   12 Jul 12 19:43 challenge_20
-rwxrwxrwx 1 root root   32 Jul 12 19:45 compile_me.c
-rwxrwxrwx 1 root root    0 Jul 12 19:40 empty2.txt
-rwxrwxrwx 1 root root    0 Jul 12 19:40 empty3.txt
-rwxrwxrwx 1 root root   11 Jul 12 19:39 hello.txt
-rwxrwxrwx 1 root root   11 Jul 12 19:40 hello_copy.txt
-rwxrwxrwx 1 root root   12 Jul 12 19:43 hello_executable
-rwxrwxrwx 1 root root   21 Jul 12 19:46 people.csv
-rwxrwxrwx 1 root root   12 Jul 12 19:45 redireccionar
-rwxrwxrwx 1 root root   56 Jul 12 19:43 restricted.txt

ana_duarte@ubuntu:~$ echo '=== PRÃCTICA DE 50 COMANDOS ANA_DUARTE ==='
=== PRÃCTICA DE 50 COMANDOS ANA_DUARTE ===

ana_duarte@ubuntu:~$ echo 'Fecha: Sat Jul 12 21:08:55 -03 2025'
Fecha: Sat Jul 12 21:08:55 -03 2025

ana_duarte@ubuntu:~$ echo 'Usuario: ana_duarte'
Usuario: ana_duarte

ana_duarte@ubuntu:~$ echo 'Directorio: /mnt/z/ISO/ubuntu/challenges'
Directorio: /mnt/z/ISO/ubuntu/challenges

ana_duarte@ubuntu:~$ echo ''


ana_duarte@ubuntu:~$ echo '--- Comando 3: ls ---'
--- Comando 3: ls ---

ana_duarte@ubuntu:~$ ls
2_hellos.txt	challenge_20  empty2.txt  hello.txt	  hello_executable  redireccionar
bunch_of_files	compile_me.c  empty3.txt  hello_copy.txt  people.csv	    restricted.txt

ana_duarte@ubuntu:~$ echo '--- Comando 4: mkdir foo ---'
--- Comando 4: mkdir foo ---

ana_duarte@ubuntu:~$ mkdir foo

ana_duarte@ubuntu:~$ echo '--- Comando 5: mkdir -p foo/bar/1/2/3 ---'
--- Comando 5: mkdir -p foo/bar/1/2/3 ---

ana_duarte@ubuntu:~$ mkdir -p foo/bar/1/2/3

ana_duarte@ubuntu:~$ echo '--- Comando 6: rm -rf foo ---'
--- Comando 6: rm -rf foo ---

ana_duarte@ubuntu:~$ rm -rf foo

ana_duarte@ubuntu:~$ echo '--- Comando 7: echo Hola mundo ---'
--- Comando 7: echo Hola mundo ---

ana_duarte@ubuntu:~$ echo 'Hola mundo'
Hola mundo

ana_duarte@ubuntu:~$ echo '--- Comando 8: echo Hola mundo > hello.txt ---'
--- Comando 8: echo Hola mundo > hello.txt ---

ana_duarte@ubuntu:~$ echo 'Hola mundo' > hello.txt

ana_duarte@ubuntu:~$ echo '--- Comando 9: touch empty.txt ---'
--- Comando 9: touch empty.txt ---

ana_duarte@ubuntu:~$ touch empty.txt

ana_duarte@ubuntu:~$ echo '--- Comando 10: rm empty.txt ---'
--- Comando 10: rm empty.txt ---

ana_duarte@ubuntu:~$ rm empty.txt

ana_duarte@ubuntu:~$ echo '--- Comando 11: > empty1.txt ---'
--- Comando 11: > empty1.txt ---

ana_duarte@ubuntu:~$ > empty1.txt

ana_duarte@ubuntu:~$ echo '--- Comando 12: : > empty2.txt ---'
--- Comando 12: : > empty2.txt ---

ana_duarte@ubuntu:~$ : > empty2.txt

ana_duarte@ubuntu:~$ echo '--- Comando 13: cp hello.txt goodby.txt ---'
--- Comando 13: cp hello.txt goodby.txt ---

ana_duarte@ubuntu:~$ cp hello.txt goodby.txt

ana_duarte@ubuntu:~$ echo '--- Comando 14: mv goodby.txt hello_copy.txt ---'
--- Comando 14: mv goodby.txt hello_copy.txt ---

ana_duarte@ubuntu:~$ mv goodby.txt hello_copy.txt

ana_duarte@ubuntu:~$ echo '--- Comando 15: diff hello.txt hello_copy.txt ---'
--- Comando 15: diff hello.txt hello_copy.txt ---

ana_duarte@ubuntu:~$ diff hello.txt hello_copy.txt

ana_duarte@ubuntu:~$ echo '--- Comando 16: cat hello.txt hello_copy.txt > 2_hellos.txt ---'
--- Comando 16: cat hello.txt hello_copy.txt > 2_hellos.txt ---

ana_duarte@ubuntu:~$ cat hello.txt hello_copy.txt > 2_hellos.txt

ana_duarte@ubuntu:~$ echo '--- Comando 17: pwd ---'
--- Comando 17: pwd ---

ana_duarte@ubuntu:~$ pwd
/mnt/z/ISO/ubuntu/challenges

ana_duarte@ubuntu:~$ echo '--- Comando 18: ls -l ---'
--- Comando 18: ls -l ---

ana_duarte@ubuntu:~$ ls -l
total 0
-rwxrwxrwx 1 root root   22 Jul 12  2025 2_hellos.txt
drwxrwxrwx 1 root root 4096 Jul 12 19:46 bunch_of_files
-rwxrwxrwx 1 root root   12 Jul 12 19:43 challenge_20
-rwxrwxrwx 1 root root   32 Jul 12 19:45 compile_me.c
-rwxrwxrwx 1 root root    0 Jul 12  2025 empty1.txt
-rwxrwxrwx 1 root root    0 Jul 12  2025 empty2.txt
-rwxrwxrwx 1 root root    0 Jul 12 19:40 empty3.txt
-rwxrwxrwx 1 root root   11 Jul 12  2025 hello.txt
-rwxrwxrwx 1 root root   11 Jul 12  2025 hello_copy.txt
-rwxrwxrwx 1 root root   12 Jul 12 19:43 hello_executable
-rwxrwxrwx 1 root root   21 Jul 12 19:46 people.csv
-rwxrwxrwx 1 root root   12 Jul 12 19:45 redireccionar
-rwxrwxrwx 1 root root   56 Jul 12 19:43 restricted.txt

ana_duarte@ubuntu:~$ echo '--- Comando 19: echo Texto agregado >> restricted.txt ---'
--- Comando 19: echo Texto agregado >> restricted.txt ---

ana_duarte@ubuntu:~$ echo 'Texto agregado' >> restricted.txt

ana_duarte@ubuntu:~$ echo '--- Comando 20: ./hello_executable ---'
--- Comando 20: ./hello_executable ---

ana_duarte@ubuntu:~$ ./hello_executable

ana_duarte@ubuntu:~$ echo '--- Comando 21: chmod +x challenge_20 && ./challenge_20 ---'
--- Comando 21: chmod +x challenge_20 && ./challenge_20 ---

ana_duarte@ubuntu:~$ chmod +x challenge_20
chmod: changing permissions of 'challenge_20': Operation not permitted

ana_duarte@ubuntu:~$ ./challenge_20

ana_duarte@ubuntu:~$ echo '--- Comando 22: gcc compile_me.c -o compilado && ./compilado ---'
--- Comando 22: gcc compile_me.c -o compilado && ./compilado ---

ana_duarte@ubuntu:~$ gcc compile_me.c -o compilado
[01m[Kcompile_me.c:[m[K In function â€˜[01m[Kmain[m[Kâ€™:
[01m[Kcompile_me.c:2:1:[m[K [01;31m[Kerror: [m[Kexpected declaration or statement at end of input
    2 | [01;31m[Kint[m[K main() {
      | [01;31m[K^~~[m[K

ana_duarte@ubuntu:~$ ./compilado
/tmp/sesion_50_comandos_ana.sh: line 164: ./compilado: No such file or directory

ana_duarte@ubuntu:~$ echo '--- Comando 23: ./redirect > output.txt ---'
--- Comando 23: ./redirect > output.txt ---

ana_duarte@ubuntu:~$ ./redirect > output.txt
/tmp/sesion_50_comandos_ana.sh: line 170: ./redirect: No such file or directory

ana_duarte@ubuntu:~$ echo '--- Comando 24: date ---'
--- Comando 24: date ---

ana_duarte@ubuntu:~$ date
Sat Jul 12 21:08:55 -03 2025

ana_duarte@ubuntu:~$ echo '--- Comando 25: ps aux ---'
--- Comando 25: ps aux ---

ana_duarte@ubuntu:~$ ps aux
USER         PID %CPU %MEM    VSZ   RSS TTY      STAT START   TIME COMMAND
root           1  0.0  0.1  22012 13452 ?        Ss   19:24   0:05 /usr/lib/systemd/systemd --system --
root           2  0.0  0.0   2776  1928 ?        Sl   19:24   0:00 /init
root           7  0.0  0.0   2792    68 ?        Sl   19:24   0:00 plan9 --control-socket 7 --log-level
root         171  0.0  0.0   4236  2716 ?        Ss   19:24   0:00 /usr/sbin/cron -f -P
message+     172  0.0  0.0   9904  5536 ?        Ss   19:24   0:00 @dbus-daemon --system --address=syst
root         179  0.0  0.1  17976  8528 ?        Ss   19:24   0:00 /usr/lib/systemd/systemd-logind
root         182  0.0  0.2 1756096 16144 ?       Ssl  19:24   0:01 /usr/libexec/wsl-pro-service -vv
root         197  0.0  0.0   3160  1104 hvc0     Ss+  19:24   0:00 /sbin/agetty -o -p -- \u --noclear -
root         207  0.0  0.0   3116  1104 tty1     Ss+  19:24   0:00 /sbin/agetty -o -p -- \u --noclear -
root         213  0.0  0.2 107012 22344 ?        Ssl  19:24   0:00 /usr/bin/python3 /usr/share/unattend
root         535  0.0  0.0   6820  4680 pts/1    Ss   19:28   0:00 /bin/login -f
steven       623  0.0  0.1  20036 10860 ?        Ss   19:28   0:00 /usr/lib/systemd/systemd --user --de
steven       624  0.0  0.0  21148  1728 ?        S    19:28   0:00 (sd-pam)
steven       637  0.0  0.0   6056  4904 pts/1    S+   19:28   0:00 -bash
polkitd     1242  0.0  0.0 308160  7892 ?        Ssl  19:36   0:00 /usr/lib/polkit-1/polkitd --no-debug
root        1940  0.0  0.0   2784   212 ?        Ss   19:45   0:00 /init
root        1941  0.0  0.0   2784   220 ?        S    19:45   0:00 /init
steven      1945  0.0  0.0   3144  1232 pts/3    Ss+  19:45   0:00 script -a stevenayala.log
steven      1946  0.0  0.0   6080  5212 pts/4    Ss+  19:45   0:00 bash -i
root        2255  0.0  0.0   2784   212 ?        Ss   19:59   0:00 /init
root        2256  0.0  0.0   2784   220 ?        S    19:59   0:00 /init
steven      2257  0.0  0.0   6072  5228 pts/0    Ss+  19:59   0:00 -bash
root        4284  0.0  0.0   2784   212 ?        Ss   20:51   0:00 /init
root        4285  0.0  0.0   2784   220 ?        S    20:51   0:00 /init
steven      4286  0.0  0.0   6072  5324 pts/2    Ss+  20:51   0:00 -bash
root        5168  0.0  0.2  66812 19696 ?        S<s  20:52   0:00 /usr/lib/systemd/systemd-journald
syslog      7751  0.0  0.0 222508  7100 ?        Ssl  20:52   0:00 /usr/sbin/rsyslogd -n -iNONE
systemd+    8322  0.0  0.0  91020  6540 ?        Ssl  20:53   0:00 /usr/lib/systemd/systemd-timesyncd
root        8372  0.0  0.0  23728  6020 ?        Ss   20:53   0:00 /usr/lib/systemd/systemd-udevd
systemd+    8668  0.0  0.1  21452 12268 ?        Ss   20:53   0:00 /usr/lib/systemd/systemd-resolved
root       15656  0.0  0.0   2784   212 ?        Ss   21:08   0:00 /init
root       15657  0.0  0.0   2784   220 ?        S    21:08   0:00 /init
steven     15662  0.1  0.0   4880  3560 pts/5    Ss+  21:08   0:00 bash generar_logs_organicos_50_coman
root       15671  2.3  0.0  14312  6936 pts/5    S+   21:08   0:00 sudo -u ana_duarte script -q -c bash
root       15672  0.0  0.0  14312  1220 pts/6    Ss   21:08   0:00 sudo -u ana_duarte script -q -c bash
ana_dua+   15673  0.0  0.0   3144  1196 pts/6    S+   21:08   0:00 script -q -c bash /tmp/sesion_50_com
ana_dua+   15674  2.4  0.0   4752  3484 pts/7    Ss+  21:08   0:00 bash /tmp/sesion_50_comandos_ana.sh
ana_dua+   15704  0.0  0.0   8280  4164 pts/7    R+   21:08   0:00 ps aux

ana_duarte@ubuntu:~$ echo '--- Comando 26: nproc ---'
--- Comando 26: nproc ---

ana_duarte@ubuntu:~$ nproc
8

ana_duarte@ubuntu:~$ echo '--- Comando 27: uname -r ---'
--- Comando 27: uname -r ---

ana_duarte@ubuntu:~$ uname -r
5.15.167.4-microsoft-standard-WSL2

ana_duarte@ubuntu:~$ echo '--- Comando 28: grep -r needle bunch_of_files/ ---'
--- Comando 28: grep -r needle bunch_of_files/ ---

ana_duarte@ubuntu:~$ grep -r needle bunch_of_files/
bunch_of_files/needle.txt:You found the needle in the haystack!

ana_duarte@ubuntu:~$ echo '--- Comando 29: head -n 25 people.csv ---'
--- Comando 29: head -n 25 people.csv ---

ana_duarte@ubuntu:~$ head -n 25 people.csv
nombre,apellido,edad

ana_duarte@ubuntu:~$ echo '--- Comando 30: tail -n 25 people.csv ---'
--- Comando 30: tail -n 25 people.csv ---

ana_duarte@ubuntu:~$ tail -n 25 people.csv
nombre,apellido,edad

ana_duarte@ubuntu:~$ echo '--- Comando 31: diff greeting1.txt greeting2.txt ---'
--- Comando 31: diff greeting1.txt greeting2.txt ---

ana_duarte@ubuntu:~$ diff greeting1.txt greeting2.txt
diff: greeting1.txt: No such file or directory
diff: greeting2.txt: No such file or directory

ana_duarte@ubuntu:~$ echo '--- Comando 32: echo Hola mundo! ---'
--- Comando 32: echo Hola mundo! ---

ana_duarte@ubuntu:~$ echo 'Hola mundo!'
Hola mundo!

ana_duarte@ubuntu:~$ echo '--- Comando 33: sleep 5 ---'
--- Comando 33: sleep 5 ---

ana_duarte@ubuntu:~$ sleep 5

ana_duarte@ubuntu:~$ echo '--- Comando 34: whoami ---'
--- Comando 34: whoami ---

ana_duarte@ubuntu:~$ whoami
ana_duarte

ana_duarte@ubuntu:~$ echo '--- Comando 35: id ---'
--- Comando 35: id ---

ana_duarte@ubuntu:~$ id
uid=1001(ana_duarte) gid=1001(ana_duarte) groups=1001(ana_duarte),27(sudo),100(users)

ana_duarte@ubuntu:~$ echo '--- Comando 36: groups ---'
--- Comando 36: groups ---

ana_duarte@ubuntu:~$ groups
ana_duarte sudo users

ana_duarte@ubuntu:~$ echo '--- Comando 37: hostname ---'
--- Comando 37: hostname ---

ana_duarte@ubuntu:~$ hostname
stev

ana_duarte@ubuntu:~$ echo '--- Comando 38: uptime ---'
--- Comando 38: uptime ---

ana_duarte@ubuntu:~$ uptime
 21:09:00 up  1:45,  1 user,  load average: 0.02, 0.05, 0.07

ana_duarte@ubuntu:~$ echo '--- Comando 39: df -h ---'
--- Comando 39: df -h ---

ana_duarte@ubuntu:~$ df -h
Filesystem      Size  Used Avail Use% Mounted on
none            3.9G     0  3.9G   0% /usr/lib/modules/5.15.167.4-microsoft-standard-WSL2
none            3.9G  4.0K  3.9G   1% /mnt/wsl
drivers         237G  217G   20G  92% /usr/lib/wsl/drivers
/dev/sdc       1007G  2.2G  954G   1% /
none            3.9G   72K  3.9G   1% /mnt/wslg
none            3.9G     0  3.9G   0% /usr/lib/wsl/lib
rootfs          3.9G  2.4M  3.9G   1% /init
none            3.9G  496K  3.9G   1% /run
none            3.9G     0  3.9G   0% /run/lock
none            3.9G     0  3.9G   0% /run/shm
tmpfs           4.0M     0  4.0M   0% /sys/fs/cgroup
none            3.9G   76K  3.9G   1% /mnt/wslg/versions.txt
none            3.9G   76K  3.9G   1% /mnt/wslg/doc
C:\             237G  217G   20G  92% /mnt/c
Z:\             1.0T  791G  234G  78% /mnt/z
tmpfs           784M   16K  784M   1% /run/user/1000

ana_duarte@ubuntu:~$ echo '--- Comando 40: free -h ---'
--- Comando 40: free -h ---

ana_duarte@ubuntu:~$ free -h
               total        used        free      shared  buff/cache   available
Mem:           7.7Gi       634Mi       7.0Gi       3.0Mi       301Mi       7.0Gi
Swap:          2.0Gi          0B       2.0Gi

ana_duarte@ubuntu:~$ echo '--- Comando 41: ls -la ---'
--- Comando 41: ls -la ---

ana_duarte@ubuntu:~$ ls -la
total 0
drwxrwxrwx 1 root root 4096 Jul 12 21:08 .
drwxrwxrwx 1 root root 4096 Jul 12 21:08 ..
-rwxrwxrwx 1 root root   22 Jul 12 21:08 2_hellos.txt
drwxrwxrwx 1 root root 4096 Jul 12 19:46 bunch_of_files
-rwxrwxrwx 1 root root   12 Jul 12 19:43 challenge_20
-rwxrwxrwx 1 root root   32 Jul 12 19:45 compile_me.c
-rwxrwxrwx 1 root root    0 Jul 12 21:08 empty1.txt
-rwxrwxrwx 1 root root    0 Jul 12 21:08 empty2.txt
-rwxrwxrwx 1 root root    0 Jul 12 19:40 empty3.txt
-rwxrwxrwx 1 root root   11 Jul 12 21:08 hello.txt
-rwxrwxrwx 1 root root   11 Jul 12 21:08 hello_copy.txt
-rwxrwxrwx 1 root root   12 Jul 12 19:43 hello_executable
-rwxrwxrwx 1 root root    0 Jul 12 21:08 output.txt
-rwxrwxrwx 1 root root   21 Jul 12 19:46 people.csv
-rwxrwxrwx 1 root root   12 Jul 12 19:45 redireccionar
-rwxrwxrwx 1 root root   71 Jul 12 21:08 restricted.txt

ana_duarte@ubuntu:~$ echo '--- Comando 42: wc -l people.csv ---'
--- Comando 42: wc -l people.csv ---

ana_duarte@ubuntu:~$ wc -l people.csv
1 people.csv

ana_duarte@ubuntu:~$ echo '--- Comando 43: wc -w people.csv ---'
--- Comando 43: wc -w people.csv ---

ana_duarte@ubuntu:~$ wc -w people.csv
1 people.csv

ana_duarte@ubuntu:~$ echo '--- Comando 44: wc -c people.csv ---'
--- Comando 44: wc -c people.csv ---

ana_duarte@ubuntu:~$ wc -c people.csv
21 people.csv

ana_duarte@ubuntu:~$ echo '--- Comando 45: sort people.csv ---'
--- Comando 45: sort people.csv ---

ana_duarte@ubuntu:~$ sort people.csv
nombre,apellido,edad

ana_duarte@ubuntu:~$ echo '--- Comando 46: sort -r people.csv ---'
--- Comando 46: sort -r people.csv ---

ana_duarte@ubuntu:~$ sort -r people.csv
nombre,apellido,edad

ana_duarte@ubuntu:~$ echo '--- Comando 47: uniq people.csv ---'
--- Comando 47: uniq people.csv ---

ana_duarte@ubuntu:~$ uniq people.csv
nombre,apellido,edad

ana_duarte@ubuntu:~$ echo '--- Comando 48: cut -d, -f1 people.csv ---'
--- Comando 48: cut -d, -f1 people.csv ---

ana_duarte@ubuntu:~$ cut -d, -f1 people.csv
nombre

ana_duarte@ubuntu:~$ echo '--- Comando 49: tr , \n < people.csv ---'
--- Comando 49: tr , \n < people.csv ---

ana_duarte@ubuntu:~$ tr , '\n' < people.csv
nombre
apellido
edad

ana_duarte@ubuntu:~$ echo '--- Comando 50: history ---'
--- Comando 50: history ---

ana_duarte@ubuntu:~$ history

ana_duarte@ubuntu:~$ echo '=== PRÃCTICA DE 50 COMANDOS COMPLETADA ==='
=== PRÃCTICA DE 50 COMANDOS COMPLETADA ===

ana_duarte@ubuntu:~$ exit

Script done on 2025-07-12 21:09:01-03:00 [COMMAND_EXIT_CODE="0"]
